     ＿＿＿＿＿＿＿＿＿＿＿
31.0|　　　　■■■　　　　｜
    |　　　　■■■　　　　｜
    |　　■■■■■　　　　｜
    |　　■■■■■　　　　｜
    |　　■■■◎■　　　　｜
    |　　　　　■■　　　　｜
    |　　＝＝＝＝　　　　　｜
    |　　＝　　　　　　　　｜
    |　■◎　　　　　　　　｜
    |　■■　　　　　　×　｜
30.0|　　　　　　　　　　　｜
　　 －－－－－－－－－－－
     130.0             131.0